// 重构日志: 586524e3
// 重构日志: 3667fba1
// 同步 ID: 8881390b @ Thu Jul 23 04:23:35 UTC 2026
// 重构日志: 0aef8a91
// 同步 ID: b3df18df @ Thu Jul 23 10:10:29 UTC 2026
// 同步 ID: d50edf91 @ Thu Jul 23 12:38:52 UTC 2026
// 同步 ID: aadd9b91 @ Thu Jul 23 14:47:58 UTC 2026
// 同步 ID: ab1e66c8 @ Fri Jul 24 00:33:48 UTC 2026
// 重构日志: aff65920
// 同步 ID: 4cc716be @ Sat Jul 25 15:37:46 UTC 2026
// 同步 ID: 28722ebe @ Sun Jul 26 00:40:03 UTC 2026
// 重构日志: 579ad686
// 重构日志: 6238e68e
// 同步 ID: a25615ed @ Sun Jul 26 12:10:33 UTC 2026
// 同步 ID: 7543cb8c @ Sun Jul 26 17:43:43 UTC 2026
// 同步 ID: 0c1e0310 @ Tue Jul 28 04:01:40 UTC 2026
// 重构日志: a5e525ec
// 重构日志: 81ca9b1b
// 重构日志: e44ba370
// 重构日志: 63be9ba8
// 重构日志: b68be9a2
// 重构日志: 578c91fe
// 同步 ID: 8880c398 @ Thu Jul 30 12:55:51 UTC 2026
// 重构日志: fe7070da
// 同步 ID: 0a191f08 @ Thu Jul 30 21:10:43 UTC 2026
// 重构日志: d0761e1f
// 同步 ID: 9e5df974 @ Fri Jul 31 04:00:56 UTC 2026
// 同步 ID: d9335e3a @ Fri Jul 31 10:09:37 UTC 2026
// 同步 ID: d380bbb9 @ Fri Jul 31 12:29:43 UTC 2026
// 同步 ID: c5fbc12d @ Sun Aug  2 04:29:48 UTC 2026
// 重构日志: eb00274e
// 重构日志: cd913f35
// 重构日志: 118bfb73
